Reusing configuration cache.
> Task :app:preBuild UP-TO-DATE
> Task :app:preDebugBuild UP-TO-DATE
> Task :app:generateDebugBuildConfig UP-TO-DATE
> Task :app:generateDebugResources UP-TO-DATE
> Task :app:packageDebugResources UP-TO-DATE
> Task :app:processDebugNavigationResources UP-TO-DATE
> Task :app:parseDebugLocalResources UP-TO-DATE
> Task :app:generateDebugRFile UP-TO-DATE
Exception in thread "AWT-EventQueue-0" java.lang.NullPointerException: Cannot invoke "ksp.com.intellij.openapi.application.Application.getService(java.lang.Class)" because the return value of "ksp.com.intellij.openapi.application.ApplicationManager.getApplication()" is null
	at ksp.com.intellij.openapi.fileEditor.FileDocumentManager.getInstance(FileDocumentManager.java:35)
	at ksp.com.intellij.openapi.fileTypes.BinaryFileTypeDecompilers.lambda$notifyDecompilerSetChange$1(BinaryFileTypeDecompilers.java:29)
	at java.desktop/java.awt.event.InvocationEvent.dispatch(InvocationEvent.java:318)
	at java.desktop/java.awt.EventQueue.dispatchEventImpl(EventQueue.java:773)
	at java.desktop/java.awt.EventQueue$4.run(EventQueue.java:720)
	at java.desktop/java.awt.EventQueue$4.run(EventQueue.java:714)
	at java.base/java.security.AccessController.doPrivileged(AccessController.java:400)
	at java.base/java.security.ProtectionDomain$JavaSecurityAccessImpl.doIntersectionPrivilege(ProtectionDomain.java:87)
	at java.desktop/java.awt.EventQueue.dispatchEvent(EventQueue.java:742)
	at java.desktop/java.awt.EventDispatchThread.pumpOneEventForFilters(EventDispatchThread.java:203)
	at java.desktop/java.awt.EventDispatchThread.pumpEventsForFilter(EventDispatchThread.java:124)
	at java.desktop/java.awt.EventDispatchThread.pumpEventsForHierarchy(EventDispatchThread.java:113)
	at java.desktop/java.awt.EventDispatchThread.pumpEvents(EventDispatchThread.java:109)
	at java.desktop/java.awt.EventDispatchThread.pumpEvents(EventDispatchThread.java:101)
	at java.desktop/java.awt.EventDispatchThread.run(EventDispatchThread.java:90)
> Task :app:kspDebugKotlin
> Task :app:compileDebugKotlin
w: file:///app/applet/app/src/main/java/com/loanmaster/pro/data/local/room/DatabaseMigrations.kt:8:26 The corresponding parameter in the supertype 'Migration' is named 'db'. This may cause problems when calling this function with named arguments.
w: file:///app/applet/app/src/main/java/com/loanmaster/pro/data/local/room/DatabaseMigrations.kt:18:26 The corresponding parameter in the supertype 'Migration' is named 'db'. This may cause problems when calling this function with named arguments.
w: file:///app/applet/app/src/main/java/com/loanmaster/pro/feature/emi/EmiScreen.kt:606:64 'val Icons.Rounded.TrendingUp: ImageVector' is deprecated. Use the AutoMirrored version at Icons.AutoMirrored.Rounded.TrendingUp.
w: file:///app/applet/app/src/main/java/com/loanmaster/pro/feature/emi/EmiScreen.kt:679:188 'val Icons.Rounded.TrendingDown: ImageVector' is deprecated. Use the AutoMirrored version at Icons.AutoMirrored.Rounded.TrendingDown.
w: file:///app/applet/app/src/main/java/com/loanmaster/pro/feature/loanintelligence/engine/LoanIntelligenceEngine.kt:34:42 'val Icons.Rounded.TrendingDown: ImageVector' is deprecated. Use the AutoMirrored version at Icons.AutoMirrored.Rounded.TrendingDown.
w: Detected multiple Kotlin daemon sessions at 

BUILD SUCCESSFUL in 1m 59s
8 actionable tasks: 2 executed, 6 up-to-date
Configuration cache entry reused.
